soak 11 min · baseline RSS 175.5 MB
  min   RSS MB   drift   draft   utt state     
  0.0    175.5    +0.0       0     0 listening 
  0.5    253.9   +78.4     335     2 listening 
  1.0    276.6  +101.1     839     5 listening 
  1.5    219.9   +44.5    1343     8 listening 
  2.0    210.9   +35.5    1679    10 listening 
  2.5    220.7   +45.2    2183    13 listening 
  3.0    214.7   +39.2    2687    16 listening 
  3.5    221.6   +46.2    3023    18 listening 
  4.0    232.7   +57.2    3527    21 listening 
  4.5    205.6   +30.1       0    24 listening 
  5.0    203.3   +27.9     335    26 listening 
  5.5    228.7   +53.2     839    29 listening 
  6.0    194.0   +18.5    1343    32 listening 
  6.5    224.1   +48.7    1679    34 listening 
  7.0    216.6   +41.1    2183    37 listening 
  7.5    195.1   +19.7    2687    40 listening 
  8.0    235.0   +59.5    3023    42 listening 
  8.5    253.2   +77.7    3527    45 listening 
  9.0    195.9   +20.4       0    48 listening 
  9.5    235.5   +60.0     335    50 listening 
 10.0    227.3   +51.8     839    53 listening 
 10.5    196.2   +20.7    1343    56 listening 

--- result ---
RSS first samples : 214.7 MB
RSS last samples  : 211.7 MB
drift             : -3.0 MB over 10.5 min (-0.28 MB/min)
utterances decoded: 58
